2026-08-18 23:01:00 - [INFO] - TICKET_ID: TICK-2026-001 | ACCIÓN: RECEPCION | DETALLES: Ticket recibido con descripción: 'El sistema ERP no permite iniciar sesión para el personal administrativo.'
2026-08-18 23:01:00 - [INFO] - TICKET_ID: TICK-2026-001 | ACCIÓN: PRIORIZACION | DETALLES: Impacto: Alto, Urgencia: Alto -> Asignada Prioridad: Crítica
2026-08-21 12:45:18 - [INFO] - TICKET_ID: TICK-2026-001 | ACCIÓN: RECEPCION | DETALLES: Ticket recibido con descripción: 'El departamento de Contabilidad reporta que la aplicacion de nomina se cierra inesperadamente al generar el informe fiscal mensual.'
2026-08-21 12:45:18 - [INFO] - TICKET_ID: TICK-2026-001 | ACCIÓN: TAXONOMIA | DETALLES: Categoría principal: 'Procesamiento de Lenguaje Natural (PLN)' | Detectadas: ['Procesamiento de Lenguaje Natural (PLN)']
2026-08-21 12:45:18 - [INFO] - TICKET_ID: TICK-2026-001 | ACCIÓN: PRIORIZACION | DETALLES: Impacto: Alto, Urgencia: Alto -> Asignada Prioridad: Crítica
2026-08-21 23:40:21 - [INFO] - TICKET_ID: TICK-2026-001 | ACCIÓN: RECEPCION | DETALLES: Ticket recibido con descripción: 'El departamento de Contabilidad reporta que la aplicacion de nomina se cierra inesperadamente al generar el informe fiscal mensual.'
2026-08-21 23:40:21 - [INFO] - TICKET_ID: TICK-2026-001 | ACCIÓN: TAXONOMIA | DETALLES: Categoría principal: 'Procesamiento de Lenguaje Natural (PLN)' | Detectadas: ['Procesamiento de Lenguaje Natural (PLN)']
2026-08-21 23:40:21 - [INFO] - TICKET_ID: TICK-2026-001 | ACCIÓN: PRIORIZACION | DETALLES: Impacto: Alto, Urgencia: Alto -> Asignada Prioridad: Crítica
2026-08-21 23:51:06 - [INFO] - generated new fontManager
2026-08-21 23:51:07 - [INFO] - TICKET_ID: TICK-2026-001 | ACCIÓN: RECEPCION | DETALLES: Ticket recibido con descripción: 'El departamento de Contabilidad reporta que la aplicacion de nomina se cierra inesperadamente al generar el informe fiscal mensual.'
2026-08-21 23:51:07 - [INFO] - TICKET_ID: TICK-2026-001 | ACCIÓN: TAXONOMIA | DETALLES: Categoría principal: 'Procesamiento de Lenguaje Natural (PLN)' | Detectadas: ['Procesamiento de Lenguaje Natural (PLN)']
2026-08-21 23:51:07 - [INFO] - TICKET_ID: TICK-2026-001 | ACCIÓN: PRIORIZACION | DETALLES: Impacto: Alto, Urgencia: Alto -> Asignada Prioridad: Crítica
2026-08-21 23:59:05 - [INFO] - TICKET_ID: TICK-2026-001 | ACCIÓN: RECEPCION | DETALLES: Ticket recibido con descripción: 'El departamento de Contabilidad reporta que la aplicacion de nomina se cierra inesperadamente al generar el informe fiscal mensual.'
2026-08-21 23:59:05 - [INFO] - TICKET_ID: TICK-2026-001 | ACCIÓN: TAXONOMIA | DETALLES: Categoría principal: 'Procesamiento de Lenguaje Natural (PLN)' | Detectadas: ['Procesamiento de Lenguaje Natural (PLN)']
2026-08-21 23:59:05 - [INFO] - TICKET_ID: TICK-2026-001 | ACCIÓN: PRIORIZACION | DETALLES: Impacto: Alto, Urgencia: Alto -> Asignada Prioridad: Crítica
2026-08-27 16:58:19 - [INFO] - TICKET_ID: TICK-2026-001 | ACCIÓN: RECEPCION | DETALLES: Ticket recibido con descripción: 'El departamento de Contabilidad reporta que la aplicacion de nomina se cierra inesperadamente al generar el informe fiscal mensual.'
2026-08-27 16:58:19 - [INFO] - TICKET_ID: TICK-2026-001 | ACCIÓN: TAXONOMIA | DETALLES: Categoría principal: 'Procesamiento de Lenguaje Natural (PLN)' | Detectadas: ['Procesamiento de Lenguaje Natural (PLN)']
2026-08-27 16:58:19 - [INFO] - TICKET_ID: TICK-2026-001 | ACCIÓN: PRIORIZACION | DETALLES: Impacto: Alto, Urgencia: Alto -> Asignada Prioridad: Crítica
2026-08-27 21:21:49 - [INFO] - TICKET_ID: TICK-2026-001 | ACCIÓN: RECEPCION | DETALLES: Ticket recibido con descripción: 'El departamento de Contabilidad reporta que la aplicacion de nomina se cierra inesperadamente al generar el informe fiscal mensual.'
2026-08-27 21:21:49 - [INFO] - TICKET_ID: TICK-2026-001 | ACCIÓN: TAXONOMIA | DETALLES: Categoría principal: 'Procesamiento de Lenguaje Natural (PLN)' | Detectadas: ['Procesamiento de Lenguaje Natural (PLN)']
2026-08-27 21:21:49 - [INFO] - TICKET_ID: TICK-2026-001 | ACCIÓN: PRIORIZACION | DETALLES: Impacto: Alto, Urgencia: Alto -> Asignada Prioridad: Crítica
2026-08-27 21:22:59 - [INFO] - TICKET_ID: TICK-2026-001 | ACCIÓN: RECEPCION | DETALLES: Ticket recibido con descripción: 'El departamento de Contabilidad reporta que la aplicacion de nomina se cierra inesperadamente al generar el informe fiscal mensual.'
2026-08-27 21:22:59 - [INFO] - TICKET_ID: TICK-2026-001 | ACCIÓN: TAXONOMIA | DETALLES: Categoría principal: 'Procesamiento de Lenguaje Natural (PLN)' | Detectadas: ['Procesamiento de Lenguaje Natural (PLN)']
2026-08-27 21:22:59 - [INFO] - TICKET_ID: TICK-2026-001 | ACCIÓN: PRIORIZACION | DETALLES: Impacto: Alto, Urgencia: Alto -> Asignada Prioridad: Crítica
2026-08-28 12:25:23 - [INFO] - TICKET_ID: TICK-2026-001 | ACCIÓN: RECEPCION | DETALLES: Ticket recibido con descripción: 'El departamento de Contabilidad reporta que la aplicacion de nomina se cierra inesperadamente al generar el informe fiscal mensual.'
2026-08-28 12:25:23 - [INFO] - TICKET_ID: TICK-2026-001 | ACCIÓN: TAXONOMIA | DETALLES: Categoría principal: 'Procesamiento de Lenguaje Natural (PLN)' | Detectadas: ['Procesamiento de Lenguaje Natural (PLN)']
2026-08-28 12:25:23 - [INFO] - TICKET_ID: TICK-2026-001 | ACCIÓN: PRIORIZACION | DETALLES: Impacto: Alto, Urgencia: Alto -> Asignada Prioridad: Crítica
2026-08-28 19:40:54 - [INFO] - TICKET_ID: TICK-2026-001 | ACCIÓN: RECEPCION | DETALLES: Ticket recibido con descripción: 'El departamento de Contabilidad reporta que la aplicacion de nomina se cierra inesperadamente al generar el informe fiscal mensual.'
2026-08-28 19:40:54 - [INFO] - TICKET_ID: TICK-2026-001 | ACCIÓN: TAXONOMIA | DETALLES: Categoría principal: 'Procesamiento de Lenguaje Natural (PLN)' | Detectadas: ['Procesamiento de Lenguaje Natural (PLN)']
2026-08-28 19:40:54 - [INFO] - TICKET_ID: TICK-2026-001 | ACCIÓN: PRIORIZACION | DETALLES: Impacto: Alto, Urgencia: Alto -> Asignada Prioridad: Crítica
2026-08-28 23:19:34 - [INFO] - TICKET_ID: TICK-2026-001 | ACCIÓN: RECEPCION | DETALLES: Ticket recibido con descripción: 'El departamento de Contabilidad reporta que la aplicacion de nomina se cierra inesperadamente al generar el informe fiscal mensual.'
2026-08-28 23:19:34 - [INFO] - TICKET_ID: TICK-2026-001 | ACCIÓN: TAXONOMIA | DETALLES: Categoría principal: 'Procesamiento de Lenguaje Natural (PLN)' | Detectadas: ['Procesamiento de Lenguaje Natural (PLN)']
2026-08-28 23:19:34 - [INFO] - TICKET_ID: TICK-2026-001 | ACCIÓN: PRIORIZACION | DETALLES: Impacto: Alto, Urgencia: Alto -> Asignada Prioridad: Crítica
2026-09-03 14:16:39 - [INFO] - TICKET_ID: TICK-2026-001 | ACCIÓN: RECEPCION | DETALLES: Ticket recibido con descripción: 'El departamento de Contabilidad reporta que la aplicacion de nomina se cierra inesperadamente al generar el informe fiscal mensual.'
2026-09-03 14:16:39 - [INFO] - TICKET_ID: TICK-2026-001 | ACCIÓN: TAXONOMIA | DETALLES: Categoría principal: 'Procesamiento de Lenguaje Natural (PLN)' | Detectadas: ['Procesamiento de Lenguaje Natural (PLN)']
2026-09-03 14:16:39 - [INFO] - TICKET_ID: TICK-2026-001 | ACCIÓN: PRIORIZACION | DETALLES: Impacto: Alto, Urgencia: Alto -> Asignada Prioridad: Crítica
2026-09-03 14:16:46 - [INFO] - TICKET_ID: TICK-2026-001 | ACCIÓN: RECEPCION | DETALLES: Ticket recibido con descripción: 'El departamento de Contabilidad reporta que la aplicacion de nomina se cierra inesperadamente al generar el informe fiscal mensual.'
2026-09-03 14:16:46 - [INFO] - TICKET_ID: TICK-2026-001 | ACCIÓN: TAXONOMIA | DETALLES: Categoría principal: 'Procesamiento de Lenguaje Natural (PLN)' | Detectadas: ['Procesamiento de Lenguaje Natural (PLN)']
2026-09-03 14:16:46 - [INFO] - TICKET_ID: TICK-2026-001 | ACCIÓN: PRIORIZACION | DETALLES: Impacto: Alto, Urgencia: Alto -> Asignada Prioridad: Crítica
2026-09-03 14:22:28 - [INFO] - TICKET_ID: TICK-2026-001 | ACCIÓN: RECEPCION | DETALLES: Ticket recibido con descripción: 'El departamento de Contabilidad reporta que la aplicacion de nomina se cierra inesperadamente al generar el informe fiscal mensual.'
2026-09-03 14:22:28 - [INFO] - TICKET_ID: TICK-2026-001 | ACCIÓN: TAXONOMIA | DETALLES: Categoría principal: 'Procesamiento de Lenguaje Natural (PLN)' | Detectadas: ['Procesamiento de Lenguaje Natural (PLN)']
2026-09-03 14:22:28 - [INFO] - TICKET_ID: TICK-2026-001 | ACCIÓN: PRIORIZACION | DETALLES: Impacto: Alto, Urgencia: Alto -> Asignada Prioridad: Crítica
2026-09-03 14:22:28 - [INFO] - TICKET_ID: TICK-2026-001 | ACCIÓN: SISTEMA_HIBRIDO | DETALLES: Ejecución completa del sistema híbrido de la Semana 05 con base de conocimiento.
